<html>
<body>
<pre>
<h1>µVision Build Log</h1>
<h2>Project:</h2>
C:\Users\Robert\Documents\SysProg\DocetOS\DocetOS_mutex\DocetOS_mutex.uvproj
Project File Date:  12/20/2014

<h2>Output:</h2>
Build target 'STM32F407 Flash'
compiling main.c...
linking...
Program Size: Code=2984 RO-data=452 RW-data=72 ZI-data=5312  
".\Flash\DocetOS_mutex.axf" - 0 Error(s), 0 Warning(s).
Load "C:\\Users\\Robert\\Documents\\SysProg\\DocetOS\\DocetOS_mutex\\Flash\\DocetOS_mutex.axf" 
Erase Done.
Programming Done.
Verify OK.
