<html>
<body>
<pre>
<h1>µVision Build Log</h1>
<h2>Project:</h2>
C:\tmp\SysProg\DocetOS\DocetOS_mutex\DocetOS_mutex.uvproj
Project File Date:  11/21/2014

<h2>Output:</h2>
Rebuild target 'STM32F407 Flash'
compiling retarget.c...
compiling system_stm32f4xx.c...
assembling startup_stm32f4xx.s...
compiling serial.c...
compiling main.c...
simpleRoundRobin.h(11): error:  #20: identifier "OS_SVC_StackFrame_t" is undefined
compiling simpleRoundRobin.c...
simpleRoundRobin.h(11): error:  #20: identifier "OS_SVC_StackFrame_t" is undefined
simpleRoundRobin.c(98): error:  #20: identifier "OS_SVC_StackFrame_t" is undefined
simpleRoundRobin.c(98): error:  #147-D: declaration is incompatible with "void _taskWait(<error-type> *)__svc(5)" (declared at line 11 of "simpleRoundRobin.h")
simpleRoundRobin.c(70): warning:  #177-D: function "simpleRoundRobin_wait" was declared but never referenced
simpleRoundRobin.c(77): warning:  #177-D: function "simpleRoundRobin_notify" was declared but never referenced
assembling os_asm.s...
compiling os.c...
compiling hardfault.c...
Target not created
Build target 'STM32F407 Flash'
compiling main.c...
simpleRoundRobin.h(12): error:  #20: identifier "OS_SVC_StackFrame_t" is undefined
compiling simpleRoundRobin.c...
simpleRoundRobin.h(12): error:  #20: identifier "OS_SVC_StackFrame_t" is undefined
simpleRoundRobin.c(98): error:  #20: identifier "OS_SVC_StackFrame_t" is undefined
simpleRoundRobin.c(98): error:  #147-D: declaration is incompatible with "void _taskWait(<error-type> *)__svc(5)" (declared at line 12 of "simpleRoundRobin.h")
simpleRoundRobin.c(70): warning:  #177-D: function "simpleRoundRobin_wait" was declared but never referenced
simpleRoundRobin.c(77): warning:  #177-D: function "simpleRoundRobin_notify" was declared but never referenced
Target not created
Rebuild target 'STM32F407 Flash'
compiling retarget.c...
compiling system_stm32f4xx.c...
assembling startup_stm32f4xx.s...
compiling serial.c...
compiling main.c...
simpleRoundRobin.h(12): error:  #20: identifier "OS_SVC_StackFrame_t" is undefined
compiling simpleRoundRobin.c...
simpleRoundRobin.h(12): error:  #20: identifier "OS_SVC_StackFrame_t" is undefined
simpleRoundRobin.c(98): error:  #20: identifier "OS_SVC_StackFrame_t" is undefined
simpleRoundRobin.c(98): error:  #147-D: declaration is incompatible with "void _taskWait(<error-type> *)__svc(5)" (declared at line 12 of "simpleRoundRobin.h")
simpleRoundRobin.c(70): warning:  #177-D: function "simpleRoundRobin_wait" was declared but never referenced
simpleRoundRobin.c(77): warning:  #177-D: function "simpleRoundRobin_notify" was declared but never referenced
assembling os_asm.s...
compiling os.c...
compiling hardfault.c...
Target not created
Build target 'STM32F407 Flash'
compiling main.c...
compiling simpleRoundRobin.c...
simpleRoundRobin.c(98): error:  #147-D: declaration is incompatible with "void _taskWait(_OS_SVC_StackFrame_t *)__svc(5)" (declared at line 12 of "simpleRoundRobin.h")
simpleRoundRobin.c(70): warning:  #177-D: function "simpleRoundRobin_wait" was declared but never referenced
simpleRoundRobin.c(77): warning:  #177-D: function "simpleRoundRobin_notify" was declared but never referenced
Target not created
Build target 'STM32F407 Flash'
compiling simpleRoundRobin.c...
simpleRoundRobin.c(70): warning:  #177-D: function "simpleRoundRobin_wait" was declared but never referenced
simpleRoundRobin.c(77): warning:  #177-D: function "simpleRoundRobin_notify" was declared but never referenced
linking...
.\Flash\DocetOS_mutex.axf: Error: L6218E: Undefined symbol SVC_task_wait (referred from os_asm.o).
Target not created
Build target 'STM32F407 Flash'
compiling simpleRoundRobin.c...
simpleRoundRobin.c(77): warning:  #177-D: function "simpleRoundRobin_notify" was declared but never referenced
linking...
.\Flash\DocetOS_mutex.axf: Error: L6218E: Undefined symbol SVC_task_wait (referred from os_asm.o).
Target not created
Build target 'STM32F407 Flash'
compiling main.c...
.\OS\os.h(15): error:  #67: expected a "}"
simpleRoundRobin.h(13): error:  #20: identifier "SVC_TASK_NOTIFY" is undefined
compiling simpleRoundRobin.c...
.\OS\os.h(15): error:  #67: expected a "}"
simpleRoundRobin.h(13): error:  #20: identifier "SVC_TASK_NOTIFY" is undefined
simpleRoundRobin.c(77): warning:  #177-D: function "simpleRoundRobin_notify" was declared but never referenced
assembling os_asm.s...
compiling os.c...
OS\os.h(15): error:  #67: expected a "}"
Target not created
Build target 'STM32F407 Flash'
compiling main.c...
compiling simpleRoundRobin.c...
simpleRoundRobin.c(77): warning:  #177-D: function "simpleRoundRobin_notify" was declared but never referenced
compiling os.c...
linking...
.\Flash\DocetOS_mutex.axf: Error: L6218E: Undefined symbol SVC_task_notify (referred from os_asm.o).
.\Flash\DocetOS_mutex.axf: Error: L6218E: Undefined symbol SVC_task_wait (referred from os_asm.o).
Target not created
Build target 'STM32F407 Flash'
compiling simpleRoundRobin.c...
simpleRoundRobin.c(104): warning:  #1-D: last line of file ends without a newline
linking...
.\Flash\DocetOS_mutex.axf: Error: L6218E: Undefined symbol SVC_task_notify (referred from os_asm.o).
.\Flash\DocetOS_mutex.axf: Error: L6218E: Undefined symbol SVC_task_wait (referred from os_asm.o).
Target not created
Build target 'STM32F407 Flash'
compiling simpleRoundRobin.c...
linking...
.\Flash\DocetOS_mutex.axf: Error: L6218E: Undefined symbol SVC_task_notify (referred from os_asm.o).
.\Flash\DocetOS_mutex.axf: Error: L6218E: Undefined symbol SVC_task_wait (referred from os_asm.o).
Target not created
Build target 'STM32F407 Flash'
compiling main.c...
compiling simpleRoundRobin.c...
linking...
.\Flash\DocetOS_mutex.axf: Error: L6218E: Undefined symbol SVC_task_notify (referred from os_asm.o).
.\Flash\DocetOS_mutex.axf: Error: L6218E: Undefined symbol SVC_task_wait (referred from os_asm.o).
Target not created
Build target 'STM32F407 Flash'
assembling os_asm.s...
OS\os_asm.s(51): error: A1516E: Bad symbol '_svc_task_wait', not defined or external
OS\os_asm.s(52): error: A1516E: Bad symbol '_svc_task_notify', not defined or external
Target not created
Build target 'STM32F407 Flash'
assembling os_asm.s...
linking...
Program Size: Code=2400 RO-data=452 RW-data=60 ZI-data=5316  
".\Flash\DocetOS_mutex.axf" - 0 Error(s), 0 Warning(s).
Build target 'STM32F407 Flash'
assembling os_asm.s...
linking...
Program Size: Code=2400 RO-data=452 RW-data=60 ZI-data=5316  
".\Flash\DocetOS_mutex.axf" - 0 Error(s), 0 Warning(s).
