<html>
<body>
<pre>
<h1>µVision Build Log</h1>
<h2>Project:</h2>
C:\Users\Robert\Documents\SysProg\DocetOS\DocetOS_mutex\DocetOS_mutex.uvproj
Project File Date:  01/07/2015

<h2>Output:</h2>
Build target 'STM32F407 Flash'
compiling main.c...
linking...
Program Size: Code=3372 RO-data=452 RW-data=80 ZI-data=5344  
".\Flash\DocetOS_mutex.axf" - 0 Error(s), 0 Warning(s).
Load "C:\\Users\\Robert\\Documents\\SysProg\\DocetOS\\DocetOS_mutex\\Flash\\DocetOS_mutex.axf" 
Erase Done.
Programming Done.
Verify OK.
tex.axf" 
Erase Done.
Programming Done.
Verify OK.
undRobin.c: 1 warning, 0 errors
compiling mutex.c...
simpleRoundRobin.h(16): warning:  #1295-D: Deprecated declaration getNotifyCount - give arg types
  uint32_t getNotifyCount();
mutex.c: 1 warning, 0 errors
linking...
Program Size: Code=3344 RO-data=452 RW-data=80 ZI-data=5344  
".\Flash\DocetOS_mutex.axf" - 0 Error(s), 3 Warning(s).
E: Undefined symbol _svc_task_wait (referred from os_asm.o).
Not enough information to list image symbols.
Finished: 1 information, 0 warning and 4 error messages.
".\Flash\DocetOS_mutex.axf" - 4 Error(s), 2 Warning(s).
Target not created
